// Jest Snapshot v1, https://goo.gl/fbAQLP

exports[`snapshot 1`] = `
<DocumentFragment>
  <div
    class="box"
    id="1"
    style="background-color: rgb(0, 0, 0); width: 100px; height: 100px;"
  >
    <button
      class="box-remove-button"
    >
      X
    </button>
  </div>
</DocumentFragment>
`;
